Throwing Runtime Error: Out of Bound Array Access
