Fatal error: exception Failure("illegal assignment Float = Int in f = 3")
