Fatal error: exception Failure("illegal assignment String = Int in s = 3")
