Fatal error: exception Failure("illegal assignment Float = String in x = "hello"")
