Fatal error: exception Parsing.Parse_error
'main' function not found in module.
