Fatal error: exception Failure("Invalid type for global variable")
