Fatal error: exception Failure("illegal assignment Int = String in x = "hello"")
