Fatal error: exception Failure("illegal assignment Int = Float in x = 3.5")
