Fatal error: exception Failure("LHS type of Int[] not the same as RHS type of Int")
