Fatal error: exception Failure("illegal argument found Int expected Pix in x")
