Fatal error: exception Failure("undeclared identifier text")
