Fatal error: exception Failure("expecting 4 arguments in render(frames, 1, -(1))")
