Fatal error: exception Failure("Invalid rgb input")
