Fatal error: exception Failure("illegal object function call frames[0].addPlacement(test);
")
