Fatal error: exception Failure("illegal object function call el.makeEllipse(200, [200,200,200]);
")
