Fatal error: exception Failure("expecting 1 argument in print")
