Fatal error: exception Failure("illegal binary operator Int > String in x > y")
