Fatal error: exception Failure("illegal assignment Int = String in arr[0] = "WrongType"")
