Fatal error: exception Failure("Duplicate variable declaration x")
