Fatal error: exception Failure("expecting 0 arguments in new Pix(x)")
